// Jest Snapshot v1, https://goo.gl/fbAQLP

exports[`/components/HelloWorld should match the HelloWorld snapshot: HelloWorld 1`] = `null`;
